Γû▓ Next.js 16.1.6 (Turbopack)
- Environments: .env.local, .env

node.exe : ΓÜá The "middleware" file 
convention is deprecated. Please use 
"proxy" instead. Learn more: https://nex
tjs.org/docs/messages/middleware-to-prox
y
At C:\Program Files\nodejs\npx.ps1:29 
char:3
+   & $NODE_EXE $NPX_CLI_JS $args
+   ~~~~~~~~~~~~~~~~~~~~~~~~~~~~~
    + CategoryInfo          : NotSpecif 
   ied: (ΓÜá The "middle...leware-to-p  
  roxy:String) [], RemoteException
    + FullyQualifiedErrorId : NativeCom 
   mandError
 
  Creating an optimized production build ...
Γ£ô Compiled successfully in 3.9s
  Running TypeScript ...
Failed to compile.

./src/components/parcele/AllParcelsMapCl
ient.tsx:30:12
Type error: Could not find a 
declaration file for module 
'leaflet.vectorgrid'. 'D:/Proiecte Raz/a
gral/node_modules/leaflet.vectorgrid/dis
t/Leaflet.VectorGrid.bundled.min.js' 
implicitly has an 'any' type.
  Try `npm i --save-dev 
@types/leaflet.vectorgrid` if it exists 
or add a new declaration (.d.ts) file 
containing `declare module 
'leaflet.vectorgrid';`

[0m [90m 28 |[39m   useEffect(() 
[33m=>[39m {
 [90m 29 |[39m     [90m// Import 
dinamic doar ├«n browser pentru a evita 
erorile de SSR[39m
[31m[1m>[22m[39m[90m 30 |[39m     
[36mimport[39m([32m'leaflet.vectorgri
d'[39m)[33m.[39mthen(() [33m=>[39m 
{
 [90m    |[39m            
[31m[1m^[22m[39m
 [90m 31 |[39m       [90m// 
@ts-ignore - L.vectorGrid este ad─âugat 
de plugin[39m
 [90m 32 |[39m       [36mconst[39m 
layer [33m=[39m ([33mL[39m 
[36mas[39m any)[33m.[39mvectorGrid[
33m.[39mprotobuf(
 [90m 33 |[39m         [32m'https://g
eoportal.ancpi.ro/hosted_services/rest/s
ervices/Hosted/Grile_VT_2025/VectorTileS
erver/tile/{z}/{y}/{x}.pbf'[39m[33m,[
39m[0m
Next.js build worker exited with code: 
1 and signal: null
