Testing create with orgId: 57763c5f-5b0e-4343-ae29-ab19a237bb1e
Success! 6693e9c3-9534-407c-b7c7-50a334601a06
